C51 COMPILER V9.59.0.0   LED                                                               09/12/2018 16:14:55 PAGE 1   


C51 COMPILER V9.59.0.0, COMPILATION OF MODULE LED
OBJECT MODULE PLACED IN .\Objects\led.obj
COMPILER INVOKED BY: D:\keil4\C51\BIN\C51.EXE ..\user\led\led.c OPTIMIZE(8,SPEED) BROWSE INCDIR(..\lib;..\user;..\user\l
                    -ed;..\user\exit;..\user\stop_mode;..\user\TimeOut;..\user\timer;..\user\key) DEBUG OBJECTEXTEND PRINT(.\Listings\led.lst
                    -) TABS(2) OBJECT(.\Objects\led.obj)

line level    source

   1          #include "led.h"
   2          
   3          
   4          
   5          
   6          void Led_Open(void)
   7          {
   8   1        Led_Pin = 1;
   9   1      }
  10          
  11          void Led_Close(void)
  12          {
  13   1        Led_Pin = 0;
  14   1      }
  15          
  16          void Led_Init(void)
  17          {
  18   1        P0CON=0xFF;
  19   1        P1CON=0xFF;
  20   1        P2CON=0xFF;
  21   1        P5CON=0xFF;
  22   1        Led_Close();
  23   1        //Led_Open();
  24   1      }


MODULE INFORMATION:   STATIC OVERLAYABLE
   CODE SIZE        =     21    ----
   CONSTANT SIZE    =   ----    ----
   XDATA SIZE       =   ----    ----
   PDATA SIZE       =   ----    ----
   DATA SIZE        =   ----    ----
   IDATA SIZE       =   ----    ----
   BIT SIZE         =   ----    ----
END OF MODULE INFORMATION.


C51 COMPILATION COMPLETE.  0 WARNING(S),  0 ERROR(S)
